[2026-04-23 17:22:08] Forgot Password Attempt
Email: giaminh0265@yahoo.com
Username: kelvin 0265
From: giaminh0265@yahoo.com
Headers: Array
(
    [0] => Content-Type: text/html; charset=UTF-8
    [1] => From: 越南鼎捷股份有限公司 <giaminh0265@yahoo.com>
    [2] => Reply-To: giaminh0265@yahoo.com
)

[2026-04-23 17:22:13] Email sent result: TRUE
[2026-04-24 14:42:21] Forgot Password Attempt
Email: giaminh@yahoo.com
Username: van hoa
From: giaminh0265@yahoo.com
Headers: Array
(
    [0] => Content-Type: text/html; charset=UTF-8
    [1] => From: 越南鼎捷股份有限公司 <giaminh0265@yahoo.com>
    [2] => Reply-To: giaminh0265@yahoo.com
)

[2026-04-24 14:50:03] Forgot Password Attempt
Email: gi@asdfs.com
Username: 12312312
From: giaminh0265@yahoo.com
Headers: Array
(
    [0] => Content-Type: text/html; charset=UTF-8
    [1] => From: 越南鼎捷股份有限公司 <giaminh0265@yahoo.com>
    [2] => Reply-To: giaminh0265@yahoo.com
)

[2026-04-24 14:51:20] Forgot Password Attempt
Email: dfgsd@sdf.dga
Username: 234234
From: giaminh0265@yahoo.com
Headers: Array
(
    [0] => Content-Type: text/html; charset=UTF-8
    [1] => From: 越南鼎捷股份有限公司 <giaminh0265@yahoo.com>
    [2] => Reply-To: giaminh0265@yahoo.com
)

